exports[`Lost wrapper suite should match the snapshot 1`] = `
<div
  id="content">
  <p>
    Lost
  </p>
</div>
`;
