exports[`About wrapper suite should match the snapshot 1`] = `
<div
  id="content">
  <p>
    About
  </p>
</div>
`;
