exports[`Appshell wrapper suite should match the snapshot 1`] = `
<div
  className="appshell_1o99bj1"
  id="appshell">
  <div>
    A
  </div>
  <div>
    B
  </div>
</div>
`;
