exports[`Appshell wrapper suite should match the snapshot 1`] = `
<div
  id="content">
  <p>
    Appshell
  </p>
</div>
`;
